Windows PowerShell
Copyright (C) Microsoft Corporation. Alle Rechte vorbehalten.

Installieren Sie die neueste PowerShell für neue Funktionen und Verbesserungen! https://aka.ms/PSWindows

PS C:\Users\FlorianKutzer> powershell -NoProfile -ExecutionPolicy Bypass -Command "$ErrorActionPreference='Stop'; $admin='Administrator'; $keys='HKLM:\Software\Microsoft\Windows\CurrentVersion\Uninstall\*','HKLM:\Software\WOW6432Node\Microsoft\Windows\CurrentVersion\Uninstall\*','HKCU:\Software\Microsoft\Windows\CurrentVersion\Uninstall\*'; $items=(Get-ItemProperty $keys -ErrorAction SilentlyContinue | Where-Object { $_.DisplayName -and $_.DisplayName.Trim() -ne '' } | Select-Object -ExpandProperty DisplayName -Unique); $filter=''; Write-Host 'Tippe = Suche | Strg+U = Uninstall | Strg+Q = Quit' -ForegroundColor Cyan; while($true){ $key=[Console]::ReadKey($true); if($key.Key -eq 'Escape'){break}; if(($key.Modifiers -band [ConsoleModifiers]::Control) -ne 0){ if($key.Key -eq 'U'){ $hits=@($items | Where-Object { $_ -like ('*'+$filter+'*') } | Sort-Object); if($hits.Count -eq 0){ Write-Host 'Keine Treffer (fuer Uninstall).' -ForegroundColor Yellow; continue }; $sel=$hits[0]; $p=Get-ItemProperty $keys -ErrorAction SilentlyContinue | Where-Object { $_.DisplayName -eq $sel } | Select-Object -First 1; $u=$p.QuietUninstallString; if([string]::IsNullOrWhiteSpace($u)){ $u=$p.UninstallString }; if([string]::IsNullOrWhiteSpace($u)){ Write-Host ('Kein UninstallString fuer: '+$sel) -ForegroundColor Yellow; continue }; $inner='$f=Join-Path $env:TEMP (''u''+$PID+''.cmd''); Set-Content -LiteralPath $f -Value '+[char]39+$u.Replace([char]39,[char]39+[char]39)+[char]39+' -Encoding OEM; & $env:ComSpec /c $f; Remove-Item -LiteralPath $f -Force'; $enc=[Convert]::ToBase64String([Text.Encoding]::Unicode.GetBytes($inner)); $prog='powershell -NoProfile -EncodedCommand '+$enc; runas /user:$admin $prog; Write-Host ('Uninstall als Administrator gestartet: '+$sel) -ForegroundColor Green; continue } elseif($key.Key -eq 'Q'){ Write-Host 'Quit.' -ForegroundColor Cyan; break } else { continue } } else { if($key.Key -eq 'Backspace'){ if($filter.Length -gt 0){ $filter=$filter.Substring(0,$filter.Length-1) } } elseif($key.Key -eq 'Enter'){ continue } else { $ch=$key.KeyChar; if($ch -and -not [char]::IsControl($ch)){ $filter += $ch } } }; $hits=@($items | Where-Object { $_ -like ('*'+$filter+'*') } | Sort-Object); if($hits.Count -gt 20){ $hits=$hits | Select-Object -First 20 }; [Console]::Clear(); Write-Host 'Tippe = Suche | Strg+U = Uninstall | Strg+Q = Quit' -ForegroundColor Cyan; Write-Host ('Tippe: ' + $filter) -ForegroundColor Cyan; if(-not $hits){ Write-Host ' (keine Treffer)' -ForegroundColor Yellow } else { for($i=0; $i -lt $hits.Count; $i++){ Write-Host (($i+1).ToString()+'. '+$hits[$i]) } } }"
In Zeile:1 Zeichen:98
+ ... HKLM:\Software\Microsoft\Windows\CurrentVersion\Uninstall\*','HKLM:\S ...
+                                                                 ~
Argument in der Parameterliste fehlt.
In Zeile:1 Zeichen:339
+ ... ontinue | Where-Object { .DisplayName -and .DisplayName.Trim() -ne '' ...
+                                                                  ~
Nach "(" wurde ein Ausdruck erwartet.
In Zeile:1 Zeichen:646
+ ...  [ConsoleModifiers]::Control) -ne 0){ if(.Key -eq 'U'){ =@( | Where-O ...
+                                                                 ~
Ein leeres Pipeelement ist nicht zulässig.
In Zeile:1 Zeichen:676
+ ... e 0){ if(.Key -eq 'U'){ =@( | Where-Object {  -like ('*'++'*') } | So ...
+                                                               ~~~
Unerwartetes Token "'*'" in Ausdruck oder Anweisung.
In Zeile:1 Zeichen:676
+ ...  -ne 0){ if(.Key -eq 'U'){ =@( | Where-Object {  -like ('*'++'*') } | ...
+                                                                  ~
Schließende ")" fehlt in einem Ausdruck.
In Zeile:1 Zeichen:661
+ ... ers]::Control) -ne 0){ if(.Key -eq 'U'){ =@( | Where-Object {  -like  ...
+                                                                 ~
Die schließende "}" fehlt im Anweisungsblock oder der Typdefinition.
In Zeile:1 Zeichen:683
+ ...  if(.Key -eq 'U'){ =@( | Where-Object {  -like ('*'++'*') } | Sort-Ob ...
+                                                                 ~
Ein leeres Pipeelement ist nicht zulässig.
In Zeile:1 Zeichen:622
+ ... k}; if((.Modifiers -band [ConsoleModifiers]::Control) -ne 0){ if(.Key ...
+                                                                 ~
Die schließende "}" fehlt im Anweisungsblock oder der Typdefinition.
In Zeile:1 Zeichen:507
+ ... ninstall | Strg+Q = Quit' -ForegroundColor Cyan; while(True){ =[Conso ...
+                                                                 ~
Die schließende "}" fehlt im Anweisungsblock oder der Typdefinition.
In Zeile:1 Zeichen:696
+ ... 'U'){ =@( | Where-Object {  -like ('*'++'*') } | Sort-Object); if(.Co ...
+                                                                 ~
Unerwartetes Token ")" in Ausdruck oder Anweisung.
Es wurden nicht alle Analysefehler berichtet. Korrigieren Sie die berichteten Fehler, und versuchen Sie es erneut.
    + CategoryInfo          : ParserError: (:) [], ParentContainsErrorRecordException
    + FullyQualifiedErrorId : MissingArgument

PS C:\Users\FlorianKutzer>
